.next/types/validator.ts(422,39): error TS2307: Cannot find module '../../src/app/api/oauth/ga4/refresh/route.js' or its corresponding type declarations.
.next/types/validator.ts(476,39): error TS2307: Cannot find module '../../src/app/api/reports/[id]/resend/route.js' or its corresponding type declarations.
.next/types/validator.ts(494,39): error TS2307: Cannot find module '../../src/app/api/reports/[id]/trigger/route.js' or its corresponding type declarations.
